Microchip MPLAB XC8 Compiler V2.41

Linker command line:

-W-3 \
  --edf=D:\Program Files\Microchip\xc8\v2.41\pic\dat\20230208172133_en.msgs \
  -cn -h+dist/default/debug\ModuloReceptorDeSensorres.X.debug.sym \
  --cmf=dist/default/debug\ModuloReceptorDeSensorres.X.debug.cmf -z \
  -Q18F4550 -oC:\Users\dtole\AppData\Local\Temp\xcAshdk.\driver_tmp_3.o \
  --defsym=__MPLAB_BUILD=1 --fixupoverflow=error \
  -Mdist/default/debug/ModuloReceptorDeSensorres.X.debug.map \
  --md=C:\Users\dtole\AppData\Local\Temp\xcAshdk.\driver_tmp_0.dat -E1 \
  -ver=XC8 Compiler --acfsm=1493 -ACODE=00h-07FFFh -ACONST=00h-07FFFh \
  -ASMALLCONST=0800h-08FFhx120 -AMEDIUMCONST=0800h-07FFFh -ACOMRAM=01h-05Fh \
  -AABS1=00h-07FFh -ABIGRAM=01h-07FFh -ARAM=060h-0FFh,0100h-01FFhx7 \
  -ABANK0=060h-0FFh -ABANK1=0100h-01FFh -ABANK2=0200h-02FFh \
  -ABANK3=0300h-03FFh -ABANK4=0400h-04FFh -ABANK5=0500h-05FFh \
  -ABANK6=0600h-06FFh -ABANK7=0700h-07FFh -ASFR=0F60h-0FFFh \
  -ABIGSFR=0F60h-0FFFh -ACONFIG=0300000h-030000Dh -AIDLOC=0200000h-0200007h \
  -AEEDATA=0F00000h-0F000FFh -peeprom_data=EEDATA \
  -preset_vec=00h,intcode=08h,intcodelo,powerup,init -pramtop=0800h \
  -psmallconst=SMALLCONST -pmediumconst=MEDIUMCONST -pconst=CONST \
  -AFARRAM=00h-00h \
  -prdata=COMRAM,nvrram=COMRAM,nvbit=COMRAM,rbss=COMRAM,rbit=COMRAM \
  -pfarbss=FARRAM,fardata=FARRAM,nvFARRAM=FARRAM \
  -pintsave_regs=BIGRAM,bigbss=BIGRAM,bigdata=BIGRAM -pbss=RAM \
  -pidata=CODE,irdata=CODE,ibigdata=CODE,ifardata=CODE -prparam=COMRAM \
  C:\Users\dtole\AppData\Local\Temp\xcAshdk.\driver_tmp_14.o \
  dist/default/debug\ModuloReceptorDeSensorres.X.debug.o 

Object code version is 3.11

Machine type is 18F4550



                Name                               Link     Load   Length Selector   Space Scale
C:\Users\dtole\AppData\Local\Temp\xcAshdk.\driver_tmp_14.o
                idloc                            200000   200000        8        0       5
                config                           300000   300000        E        0       4
                init                                  E        E        4        4       0
                reset_vec                             0        0        4        0       0
dist/default/debug\ModuloReceptorDeSensorres.X.debug.o
                intcode                               8        8        6        4       0
                idloc                            200000   200000        8        0       5
                config                           300000   300000        E        0       4
                temp                                 4C       4C        1        1       1
                smallconst                          800      800        C      400       0
                text31                             15A8     15A8       5C      406       0
                text30                             1848     1848       20      406       0
                text29                             187E     187E        E      406       0
                text28                             14E6     14E6       66      406       0
                text27                             1762     1762       38      406       0
                text26                             12BE     12BE       7E      406       0
                intcode_body                        D50      D50      142      406       0
                text24                             1868     1868       16      406       0
                text23                             1806     1806       22      406       0
                text22                             17C0     17C0       24      406       0
                text21                             17E4     17E4       22      406       0
                text20                             154C     154C       5C      406       0
                text19                             1828     1828       20      406       0
                text18                             1480     1480       66      406       0
                text17                             172A     172A       38      406       0
                text16                             1240     1240       7E      406       0
                text15                             1022     1022       C4      406       0
                text14                             10E6     10E6       B0      406       0
                text13                             16EA     16EA       40      406       0
                text12                             189A     189A        2      C4D       0
                text11                              E92      E92       CA      406       0
                text10                             16A6     16A6       44      406       0
                text9                              1196     1196       AA      406       0
                text8                               A64      A64      194      406       0
                text7                              179A     179A       26      406       0
                text6                               F5C      F5C       C6      406       0
                text5                               BF8      BF8      158      406       0
                text4                              1604     1604       52      406       0
                text3                              1656     1656       50      406       0
                text2                              13AE     13AE       6C      406       0
                text1                              133C     133C       72      406       0
                text0                               80C      80C      258      406       0
                cstackCOMRAM                          1        1       3A        1       1
                cstackBANK0                          60       60       31       60       1
                dataBANK0                            B6       B6        8       60       1
                bssBANK0                             91       91       25       60       1
                dataCOMRAM                           47       47        5        1       1
                bssCOMRAM                            3B       3B        C        1       1
                cinit                              141A     141A       66      406       0
                idataBANK0                         188C     188C        8      406       0
                idataCOMRAM                        1894     1894        5      406       0

TOTAL           Name                               Link     Load   Length     Space
        CLASS   CODE           
                intcode                               8        8        6         0
                init                                  E        E        4         0
                reset_vec                             0        0        4         0
                text31                             15A8     15A8       5C         0
                text30                             1848     1848       20         0
                text29                             187E     187E        E         0
                text28                             14E6     14E6       66         0
                text27                             1762     1762       38         0
                text26                             12BE     12BE       7E         0
                intcode_body                        D50      D50      142         0
                text24                             1868     1868       16         0
                text23                             1806     1806       22         0
                text22                             17C0     17C0       24         0
                text21                             17E4     17E4       22         0
                text20                             154C     154C       5C         0
                text19                             1828     1828       20         0
                text18                             1480     1480       66         0
                text17                             172A     172A       38         0
                text16                             1240     1240       7E         0
                text15                             1022     1022       C4         0
                text14                             10E6     10E6       B0         0
                text13                             16EA     16EA       40         0
                text12                             189A     189A        2         0
                text11                              E92      E92       CA         0
                text10                             16A6     16A6       44         0
                text9                              1196     1196       AA         0
                text8                               A64      A64      194         0
                text7                              179A     179A       26         0
                text6                               F5C      F5C       C6         0
                text5                               BF8      BF8      158         0
                text4                              1604     1604       52         0
                text3                              1656     1656       50         0
                text2                              13AE     13AE       6C         0
                text1                              133C     133C       72         0
                text0                               80C      80C      258         0
                cinit                              141A     141A       66         0
                idataBANK0                         188C     188C        8         0
                idataCOMRAM                        1894     1894        5         0

        CLASS   CONST          

        CLASS   SMALLCONST     
                smallconst                          800      800        C         0

        CLASS   MEDIUMCONST    

        CLASS   COMRAM         
                temp                                 4C       4C        1         1
                cstackCOMRAM                          1        1       3A         1
                dataCOMRAM                           47       47        5         1
                bssCOMRAM                            3B       3B        C         1

        CLASS   ABS1           

        CLASS   BIGRAM         

        CLASS   RAM            

        CLASS   BANK0          
                cstackBANK0                          60       60       31         1
                dataBANK0                            B6       B6        8         1
                bssBANK0                             91       91       25         1

        CLASS   BANK1          

        CLASS   BANK2          

        CLASS   BANK3          

        CLASS   BANK4          

        CLASS   BANK5          

        CLASS   BANK6          

        CLASS   BANK7          

        CLASS   SFR            

        CLASS   BIGSFR         

        CLASS   CONFIG         
                config                           300000   300000        E         4

        CLASS   IDLOC          
                idloc                            200000   200000        8         5

        CLASS   EEDATA         

        CLASS   FARRAM         

        CLASS   HEAP           

        CLASS   STACK          



SEGMENTS        Name                           Load    Length   Top    Selector   Space  Class

                reset_vec                      000000  000004  000004         0       0  CODE    
                cstackCOMRAM                   000001  00004C  00004D         1       1  COMRAM  
                intcode                        000008  00000A  000012         4       0  CODE    
                cstackBANK0                    000060  00005E  0000BE        60       1  BANK0   
                smallconst                     000800  00000C  00080C       400       0  SMALLCON
                text0                          00080C  00108D  001899       406       0  CODE    
                text12                         00189A  000002  00189C       C4D       0  CODE    


UNUSED ADDRESS RANGES

        Name                Unused          Largest block    Delta
        BANK0            0000BE-0000FF               42
        BANK1            000100-0001FF              100
        BANK2            000200-0002FF              100
        BANK3            000300-0003FF              100
        BANK4            000400-0004FF              100
        BANK5            000500-0005FF              100
        BANK6            000600-0006FF              100
        BANK7            000700-0007FF              100
        BIGRAM           00004D-00005F               13
                         0000BE-0007FF              742
        BIGSFR           000F60-000FFF               A0
        CODE             000004-000007                4
                         000012-0007FF              7EE
                         001899-001899                1
                         00189C-007FFF             6764
        COMRAM           00004D-00005F               13
        CONST            000004-000007                4
                         000012-0007FF              7EE
                         001899-001899                1
                         00189C-007FFF             6764
        EEDATA           F00000-F000FF              100
        MEDIUMCONST      001899-001899                1
                         00189C-007FFF             6764
        RAM              0000BE-0007FF              100
        SFR              000F60-000FFF               A0
        SMALLCONST       001899-001899                1
                         00189C-007FFF              100

                                  Symbol Table

?___awdiv                   cstackCOMRAM 000013
?___awmod                   cstackCOMRAM 000013
?___wmul                    cstackCOMRAM 000013
?_abs                       cstackCOMRAM 000019
?_read_prec_or_width        cstackCOMRAM 000019
?_sprintf                   cstackBANK0  000076
?_vfprintf                  cstackBANK0  00006E
Lcd_Cmd@a                   cstackCOMRAM 000015
Lcd_Port@a                  cstackCOMRAM 000013
Tx_USART@palabra            cstackBANK0  00008A
_ADCON0                     (abs)        000FC2
_ADCON0bits                 (abs)        000FC2
_ADCON1                     (abs)        000FC1
_ADCON2                     (abs)        000FC0
_ADRESH                     (abs)        000FC4
_ADRESL                     (abs)        000FC3
_BAUDCON                    (abs)        000FB8
_BanderaADC                 bssBANK0     000091
_BanderaRx                  bssCOMRAM    000045
_BufferLleno                bssCOMRAM    000046
_ByteInf                    bssBANK0     000092
_ByteSup                    bssBANK0     000093
_CMCON                      (abs)        000FB4
_ConfigADC                  text24       001868
_ConfigPIC                  text23       001806
_ConfigUSART                text22       0017C0
_FinRx                      bssBANK0     000094
_INTCONbits                 (abs)        000FF2
_IPR1bits                   (abs)        000F9F
_Instrumento                bssCOMRAM    000043
_LATCbits                   (abs)        000F8B
_LATDbits                   (abs)        000F8C
_Lcd_Cmd                    text19       001828
_Lcd_Port                   text20       00154C
_MensajeRx                  dataCOMRAM   000048
_MensajeSobrante            dataBANK0    0000BA
_MensajeTx                  dataBANK0    0000B6
_Num_Caracteres             bssCOMRAM    000044
_PIE1bits                   (abs)        000F9D
_PIR1bits                   (abs)        000F9E
_PIR2bits                   (abs)        000FA1
_PORTD                      (abs)        000F83
_RCONbits                   (abs)        000FD0
_RCREG                      (abs)        000FAE
_RCSTA                      (abs)        000FAB
_SPBRG                      (abs)        000FAF
_TRISA                      (abs)        000F92
_TRISB                      (abs)        000F93
_TRISC                      (abs)        000F94
_TRISD                      (abs)        000F95
_TRISE                      (abs)        000F96
_TXREG                      (abs)        000FAD
_TXSTA                      (abs)        000FAC
_TXSTAbits                  (abs)        000FAC
_Transmite                  text21       0017E4
_TxUSART                    bssBANK0     000095
_Tx_USART                   text2        0013AE
_ValBIN                     bssCOMRAM    00003F
_VectorInterrupcion         intcode      000008
__HRAM                      (abs)        000000
__H__absolute__             __absolute__ 000000
__Habs1                     abs1         000000
__Hbank0                    bank0        000000
__Hbank1                    bank1        000000
__Hbank2                    bank2        000000
__Hbank3                    bank3        000000
__Hbank4                    bank4        000000
__Hbank5                    bank5        000000
__Hbank6                    bank6        000000
__Hbank7                    bank7        000000
__Hbigbss                   bigbss       000000
__Hbigdata                  bigdata      000000
__Hbigram                   bigram       000000
__Hbigsfr                   bigsfr       000000
__Hbss                      bss          000000
__HbssBANK0                 bssBANK0     000000
__HbssCOMRAM                bssCOMRAM    000000
__Hcinit                    cinit        000000
__Hclrtext                  clrtext      000000
__Hcomram                   comram       000000
__Hconfig                   config       30000E
__Hconst                    const        000000
__HcstackBANK0              cstackBANK0  000000
__HcstackCOMRAM             cstackCOMRAM 000000
__Hdata                     data         000000
__HdataBANK0                dataBANK0    000000
__HdataCOMRAM               dataCOMRAM   000000
__Heeprom_data              eeprom_data  000000
__Hfarbss                   farbss       000000
__Hfardata                  fardata      000000
__Hheap                     heap         000000
__Hibigdata                 ibigdata     000000
__Hidata                    idata        000000
__HidataBANK0               idataBANK0   000000
__HidataCOMRAM              idataCOMRAM  000000
__Hidloc                    idloc        200008
__Hifardata                 ifardata     000000
__Hinit                     init         000012
__Hintcode                  intcode      00000E
__Hintcode_body             intcode_body 000000
__Hintcodelo                intcodelo    00000E
__Hintentry                 intentry     000000
__Hintret                   intret       000000
__Hintsave_regs             intsave_regs 000000
__Hirdata                   irdata       000000
__Hmediumconst              mediumconst  000000
__HnvFARRAM                 nvFARRAM     000000
__Hnvbit                    nvbit        000000
__Hnvrram                   nvrram       000000
__Hparam                    rparam       000000
__Hpowerup                  powerup      00000E
__Hram                      ram          000000
__Hramtop                   ramtop       000800
__Hrbit                     rbit         000000
__Hrbss                     rbss         000000
__Hrdata                    rdata        000000
__Hreset_vec                reset_vec    000004
__Hrparam                   rparam       000000
__Hsfr                      sfr          000000
__Hsmallconst               smallconst   00080C
__Hspace_0                  (abs)        00189C
__Hspace_1                  (abs)        0000BE
__Hspace_2                  (abs)        000000
__Hspace_4                  (abs)        60000E
__Hstack                    stack        000000
__Hstruct                   struct       000000
__Htemp                     temp         00004D
__Htext                     text         000000
__Htext0                    text0        000000
__Htext1                    text1        000000
__Htext10                   text10       000000
__Htext11                   text11       000000
__Htext12                   text12       000000
__Htext13                   text13       000000
__Htext14                   text14       000000
__Htext15                   text15       000000
__Htext16                   text16       000000
__Htext17                   text17       000000
__Htext18                   text18       000000
__Htext19                   text19       000000
__Htext2                    text2        000000
__Htext20                   text20       000000
__Htext21                   text21       000000
__Htext22                   text22       000000
__Htext23                   text23       000000
__Htext24                   text24       000000
__Htext26                   text26       000000
__Htext27                   text27       000000
__Htext28                   text28       000000
__Htext29                   text29       000000
__Htext3                    text3        000000
__Htext30                   text30       000000
__Htext31                   text31       000000
__Htext4                    text4        000000
__Htext5                    text5        000000
__Htext6                    text6        000000
__Htext7                    text7        000000
__Htext8                    text8        000000
__Htext9                    text9        000000
__LRAM                      (abs)        000001
__L__absolute__             __absolute__ 000000
__Labs1                     abs1         000000
__Lbank0                    bank0        000000
__Lbank1                    bank1        000000
__Lbank2                    bank2        000000
__Lbank3                    bank3        000000
__Lbank4                    bank4        000000
__Lbank5                    bank5        000000
__Lbank6                    bank6        000000
__Lbank7                    bank7        000000
__Lbigbss                   bigbss       000000
__Lbigdata                  bigdata      000000
__Lbigram                   bigram       000000
__Lbigsfr                   bigsfr       000000
__Lbss                      bss          000000
__LbssBANK0                 bssBANK0     000000
__LbssCOMRAM                bssCOMRAM    000000
__Lcinit                    cinit        000000
__Lclrtext                  clrtext      000000
__Lcomram                   comram       000000
__Lconfig                   config       000000
__Lconst                    const        000000
__LcstackBANK0              cstackBANK0  000000
__LcstackCOMRAM             cstackCOMRAM 000000
__Ldata                     data         000000
__LdataBANK0                dataBANK0    000000
__LdataCOMRAM               dataCOMRAM   000000
__Leeprom_data              eeprom_data  000000
__Lfarbss                   farbss       000000
__Lfardata                  fardata      000000
__Lheap                     heap         000000
__Libigdata                 ibigdata     000000
__Lidata                    idata        000000
__LidataBANK0               idataBANK0   000000
__LidataCOMRAM              idataCOMRAM  000000
__Lidloc                    idloc        000000
__Lifardata                 ifardata     000000
__Linit                     init         00000E
__Lintcode                  intcode      000008
__Lintcode_body             intcode_body 000000
__Lintcodelo                intcodelo    00000E
__Lintentry                 intentry     000000
__Lintret                   intret       000000
__Lintsave_regs             intsave_regs 000000
__Lirdata                   irdata       000000
__Lmediumconst              mediumconst  000000
__LnvFARRAM                 nvFARRAM     000000
__Lnvbit                    nvbit        000000
__Lnvrram                   nvrram       000000
__Lparam                    rparam       000000
__Lpowerup                  powerup      00000E
__Lram                      ram          000000
__Lramtop                   ramtop       000800
__Lrbit                     rbit         000000
__Lrbss                     rbss         000000
__Lrdata                    rdata        000000
__Lreset_vec                reset_vec    000000
__Lrparam                   rparam       000000
__Lsfr                      sfr          000000
__Lsmallconst               smallconst   000800
__Lspace_0                  (abs)        000000
__Lspace_1                  (abs)        000000
__Lspace_2                  (abs)        000000
__Lspace_4                  (abs)        000000
__Lstack                    stack        000000
__Lstruct                   struct       000000
__Ltemp                     temp         00004C
__Ltext                     text         000000
__Ltext0                    text0        000000
__Ltext1                    text1        000000
__Ltext10                   text10       000000
__Ltext11                   text11       000000
__Ltext12                   text12       000000
__Ltext13                   text13       000000
__Ltext14                   text14       000000
__Ltext15                   text15       000000
__Ltext16                   text16       000000
__Ltext17                   text17       000000
__Ltext18                   text18       000000
__Ltext19                   text19       000000
__Ltext2                    text2        000000
__Ltext20                   text20       000000
__Ltext21                   text21       000000
__Ltext22                   text22       000000
__Ltext23                   text23       000000
__Ltext24                   text24       000000
__Ltext26                   text26       000000
__Ltext27                   text27       000000
__Ltext28                   text28       000000
__Ltext29                   text29       000000
__Ltext3                    text3        000000
__Ltext30                   text30       000000
__Ltext31                   text31       000000
__Ltext4                    text4        000000
__Ltext5                    text5        000000
__Ltext6                    text6        000000
__Ltext7                    text7        000000
__Ltext8                    text8        000000
__Ltext9                    text9        000000
__S0                        (abs)        00189C
__S1                        (abs)        0000BE
__S4                        (abs)        000000
__S5                        (abs)        000000
___awdiv                    text15       001022
___awdiv@counter            cstackCOMRAM 000017
___awdiv@dividend           cstackCOMRAM 000013
___awdiv@divisor            cstackCOMRAM 000015
___awdiv@quotient           cstackCOMRAM 000019
___awdiv@sign               cstackCOMRAM 000018
___awmod                    text14       0010E6
___awmod@counter            cstackCOMRAM 000017
___awmod@dividend           cstackCOMRAM 000013
___awmod@divisor            cstackCOMRAM 000015
___awmod@sign               cstackCOMRAM 000018
___heap_hi                  (abs)        000000
___heap_lo                  (abs)        000000
___inthi_sp                 stack        000000
___intlo_sp                 stack        000000
___param_bank               (abs)        000000
___rparam_used              (abs)        000001
___sp                       stack        000000
___wmul                     text7        00179A
___wmul@multiplicand        cstackCOMRAM 000015
___wmul@multiplier          cstackCOMRAM 000013
___wmul@product             cstackCOMRAM 000017
__accesstop                 (abs)        000060
__activetblptr              (abs)        000002
__end_of_ConfigADC          text24       00187E
__end_of_ConfigPIC          text23       001828
__end_of_ConfigUSART        text22       0017E4
__end_of_Lcd_Cmd            text19       001848
__end_of_Lcd_Port           text20       0015A8
__end_of_Transmite          text21       001806
__end_of_Tx_USART           text2        00141A
__end_of_VectorInterrupcion intcode_body 000E92
__end_of___awdiv            text15       0010E6
__end_of___awmod            text14       001196
__end_of___wmul             text7        0017C0
__end_of__initialization    cinit        001472
__end_of_abs                text13       00172A
__end_of_dtoa               text8        000BF8
__end_of_fputc              text11       000F5C
__end_of_fputs              text10       0016EA
__end_of_lcd_clear          text29       00188C
__end_of_lcd_gotoxy         text18       0014E6
__end_of_lcd_init           text1        0013AE
__end_of_lcd_putc           text16       0012BE
__end_of_lcd_write_char     text17       001762
__end_of_main               text0        000A64
__end_of_pad                text9        001240
__end_of_putch              text12       00189C
__end_of_read_prec_or_width text6        001022
__end_of_sprintf            text3        0016A6
__end_of_vfpfcnvrt          text5        000D50
__end_of_vfprintf           text4        001656
__end_ofi2_Lcd_Cmd          text30       001868
__end_ofi2_Lcd_Port         text31       001604
__end_ofi2_lcd_gotoxy       text28       00154C
__end_ofi2_lcd_putc         text26       00133C
__end_ofi2_lcd_write_char   text27       00179A
__initialization            cinit        00141A
__mediumconst               mediumconst  000000
__pbssBANK0                 bssBANK0     000091
__pbssCOMRAM                bssCOMRAM    00003B
__pcinit                    cinit        00141A
__pcstackBANK0              cstackBANK0  000060
__pcstackCOMRAM             cstackCOMRAM 000001
__pdataBANK0                dataBANK0    0000B6
__pdataCOMRAM               dataCOMRAM   000047
__pidataBANK0               idataBANK0   00188C
__pidataCOMRAM              idataCOMRAM  001894
__pintcode                  intcode      000008
__pintcode_body             intcode_body 000D50
__psmallconst               smallconst   000800
__ptext0                    text0        00080C
__ptext1                    text1        00133C
__ptext10                   text10       0016A6
__ptext11                   text11       000E92
__ptext12                   text12       00189A
__ptext13                   text13       0016EA
__ptext14                   text14       0010E6
__ptext15                   text15       001022
__ptext16                   text16       001240
__ptext17                   text17       00172A
__ptext18                   text18       001480
__ptext19                   text19       001828
__ptext2                    text2        0013AE
__ptext20                   text20       00154C
__ptext21                   text21       0017E4
__ptext22                   text22       0017C0
__ptext23                   text23       001806
__ptext24                   text24       001868
__ptext26                   text26       0012BE
__ptext27                   text27       001762
__ptext28                   text28       0014E6
__ptext29                   text29       00187E
__ptext3                    text3        001656
__ptext30                   text30       001848
__ptext31                   text31       0015A8
__ptext4                    text4        001604
__ptext5                    text5        000BF8
__ptext6                    text6        000F5C
__ptext7                    text7        00179A
__ptext8                    text8        000A64
__ptext9                    text9        001196
__ramtop                    ramtop       000800
__smallconst                smallconst   000800
_abs                        text13       0016EA
_dbuf                       bssBANK0     000096
_dtoa                       text8        000A64
_dtoa$1163                  cstackCOMRAM 000032
_flags                      bssCOMRAM    000041
_fputc                      text11       000E92
_fputs                      text10       0016A6
_lcd_clear                  text29       00187E
_lcd_gotoxy                 text18       001480
_lcd_init                   text1        00133C
_lcd_putc                   text16       001240
_lcd_write_char             text17       00172A
_main                       text0        00080C
_num                        bssCOMRAM    000042
_pad                        text9        001196
_prec                       bssCOMRAM    00003D
_putch                      text12       00189A
_read_prec_or_width         text6        000F5C
_sprintf                    text3        001656
_var                        dataCOMRAM   000047
_vfpfcnvrt                  text5        000BF8
_vfprintf                   text4        001604
_width                      bssCOMRAM    00003B
abs@a                       cstackCOMRAM 000019
btemp                       temp         00004C
dtoa@d                      cstackCOMRAM 000030
dtoa@fp                     cstackCOMRAM 00002E
dtoa@i                      cstackCOMRAM 000039
dtoa@p                      cstackCOMRAM 000034
dtoa@s                      cstackCOMRAM 000038
dtoa@w                      cstackCOMRAM 000036
end_of_initialization       cinit        001472
fputc@c                     cstackCOMRAM 000013
fputc@fp                    cstackCOMRAM 000015
fputs@c                     cstackCOMRAM 000020
fputs@fp                    cstackCOMRAM 00001E
fputs@i                     cstackCOMRAM 000021
fputs@s                     cstackCOMRAM 00001C
i2Lcd_Cmd@a                 cstackCOMRAM 000003
i2Lcd_Port@a                cstackCOMRAM 000001
i2_Lcd_Cmd                  text30       001848
i2_Lcd_Port                 text31       0015A8
i2_lcd_gotoxy               text28       0014E6
i2_lcd_putc                 text26       0012BE
i2_lcd_write_char           text27       001762
i2lcd_gotoxy@a              cstackCOMRAM 000005
i2lcd_gotoxy@b              cstackCOMRAM 000004
i2lcd_gotoxy@temp           cstackCOMRAM 000008
i2lcd_gotoxy@y              cstackCOMRAM 000007
i2lcd_gotoxy@z              cstackCOMRAM 000006
i2lcd_putc@a                cstackCOMRAM 000005
i2lcd_putc@i                cstackCOMRAM 000009
i2lcd_write_char@a          cstackCOMRAM 000004
i2lcd_write_char@temp       cstackCOMRAM 000002
i2lcd_write_char@y          cstackCOMRAM 000003
int$flags                   temp         00004C
int_func                    intcode_body 000D50
intlevel0                   text         000000
intlevel1                   text         000000
intlevel2                   text         000000
intlevel3                   text         000000
isa$std                     (abs)        000001
isa$xinst                   (abs)        000000
lcd_gotoxy@a                cstackCOMRAM 000017
lcd_gotoxy@b                cstackCOMRAM 000016
lcd_gotoxy@temp             cstackCOMRAM 00001A
lcd_gotoxy@y                cstackCOMRAM 000019
lcd_gotoxy@z                cstackCOMRAM 000018
lcd_putc@a                  cstackCOMRAM 000017
lcd_putc@i                  cstackCOMRAM 00001B
lcd_write_char@a            cstackCOMRAM 000016
lcd_write_char@temp         cstackCOMRAM 000014
lcd_write_char@y            cstackCOMRAM 000015
pad@buf                     cstackCOMRAM 000025
pad@fp                      cstackCOMRAM 000023
pad@i                       cstackCOMRAM 00002A
pad@p                       cstackCOMRAM 000027
pad@w                       cstackCOMRAM 00002C
read_prec_or_width@ap       cstackCOMRAM 00001B
read_prec_or_width@c        cstackCOMRAM 00001F
read_prec_or_width@fmt      cstackCOMRAM 000019
read_prec_or_width@n        cstackCOMRAM 000020
sprintf@ap                  cstackBANK0  00007C
sprintf@f                   cstackBANK0  00007E
sprintf@fmt                 cstackBANK0  000078
sprintf@s                   cstackBANK0  000076
stackhi                     (abs)        000000
stacklo                     (abs)        000000
start                       init         00000E
start_initialization        cinit        00141A
ttemp5                      temp         00004D
ttemp6                      temp         000050
ttemp7                      temp         000054
vfpfcnvrt@ap                cstackBANK0  000064
vfpfcnvrt@convarg           cstackBANK0  000068
vfpfcnvrt@cp                cstackBANK0  00006C
vfpfcnvrt@fmt               cstackBANK0  000062
vfpfcnvrt@fp                cstackBANK0  000060
vfprintf@ap                 cstackBANK0  000072
vfprintf@cfmt               cstackBANK0  000074
vfprintf@fmt                cstackBANK0  000070
vfprintf@fp                 cstackBANK0  00006E
wtemp8                      temp         00004D


MODULE INFORMATION

Module		Function		Class		Link	Load	Size
D:\Program Files\Microchip\xc8\v2.41\pic\sources\c99\common\abs.c
		_abs           		CODE           	16EA	0000	64

D:\Program Files\Microchip\xc8\v2.41\pic\sources\c99\common\abs.c estimated size: 64

D:\Program Files\Microchip\xc8\v2.41\pic\sources\c99\common\putch.c
		_putch         		CODE           	189A	0000	2

D:\Program Files\Microchip\xc8\v2.41\pic\sources\c99\common\putch.c estimated size: 2

D:\Program Files\Microchip\xc8\v2.41\pic\sources\c99\common\doprnt.c
		_read_prec_or_width		CODE           	0F5C	0000	198
		_vfpfcnvrt     		CODE           	0BF8	0000	344
		_pad           		CODE           	1196	0000	170
		_dtoa          		CODE           	0A64	0000	404
		_vfprintf      		CODE           	1604	0000	82

D:\Program Files\Microchip\xc8\v2.41\pic\sources\c99\common\doprnt.c estimated size: 1198

D:\Program Files\Microchip\xc8\v2.41\pic\sources\c99\common\awmod.c
		___awmod       		CODE           	10E6	0000	176

D:\Program Files\Microchip\xc8\v2.41\pic\sources\c99\common\awmod.c estimated size: 176

D:\Program Files\Microchip\xc8\v2.41\pic\sources\c99\common\nf_fputs.c
		_fputs         		CODE           	16A6	0000	68

D:\Program Files\Microchip\xc8\v2.41\pic\sources\c99\common\nf_fputs.c estimated size: 68

D:\Program Files\Microchip\xc8\v2.41\pic\sources\c99\common\Umul16.c
		___wmul        		CODE           	179A	0000	38

D:\Program Files\Microchip\xc8\v2.41\pic\sources\c99\common\Umul16.c estimated size: 38

D:\Program Files\Microchip\xc8\v2.41\pic\sources\c99\common\awdiv.c
		___awdiv       		CODE           	1022	0000	196

D:\Program Files\Microchip\xc8\v2.41\pic\sources\c99\common\awdiv.c estimated size: 196

shared
		i2_Lcd_Port    		CODE           	15A8	0000	92
		i2_Lcd_Cmd     		CODE           	1848	0000	32
		__initialization		CODE           	141A	0000	88
		i2_lcd_gotoxy  		CODE           	14E6	0000	102
		i2_lcd_write_char		CODE           	1762	0000	56
		i2_lcd_putc    		CODE           	12BE	0000	126

shared estimated size: 496

D:\Program Files\Microchip\xc8\v2.41\pic\sources\c99\common\nf_sprintf.c
		_sprintf       		CODE           	1656	0000	80

D:\Program Files\Microchip\xc8\v2.41\pic\sources\c99\common\nf_sprintf.c estimated size: 80

D:\Program Files\Microchip\xc8\v2.41\pic\sources\c99\common\nf_fputc.c
		_fputc         		CODE           	0E92	0000	202

D:\Program Files\Microchip\xc8\v2.41\pic\sources\c99\common\nf_fputc.c estimated size: 202

main.c
		_lcd_write_char		CODE           	172A	0000	56
		_lcd_putc      		CODE           	1240	0000	126
		_ConfigPIC     		CODE           	1806	0000	34
		_main          		CODE           	080C	0000	600
		_Lcd_Cmd       		CODE           	1828	0000	32
		_lcd_clear     		CODE           	187E	0000	14
		_lcd_gotoxy    		CODE           	1480	0000	102
		_Transmite     		CODE           	17E4	0000	34
		_VectorInterrupcion		CODE           	0008	0000	328
		_ConfigUSART   		CODE           	17C0	0000	36
		_Lcd_Port      		CODE           	154C	0000	92
		_ConfigADC     		CODE           	1868	0000	22
		_lcd_init      		CODE           	133C	0000	114
		_Tx_USART      		CODE           	13AE	0000	108

main.c estimated size: 1698

