Microchip MPLAB XC8 Compiler V2.41

Linker command line:

-W-3 \
  --edf=D:\Program Files\Microchip\xc8\v2.41\pic\dat\20230208172133_en.msgs \
  -cn -h+dist/default/production\ModuloReceptorDeSensorres.X.production.sym \
  --cmf=dist/default/production\ModuloReceptorDeSensorres.X.production.cmf \
  -z -Q18F4550 -oC:\Users\dtole\AppData\Local\Temp\xcAs8rs.\driver_tmp_3.o \
  --defsym=__MPLAB_BUILD=1 --fixupoverflow=error \
  -Mdist/default/production/ModuloReceptorDeSensorres.X.production.map \
  --md=C:\Users\dtole\AppData\Local\Temp\xcAs8rs.\driver_tmp_0.dat -E1 \
  -ver=XC8 Compiler --acfsm=1493 -ACODE=00h-07FFFh -ACONST=00h-07FFFh \
  -ASMALLCONST=0800h-08FFhx120 -AMEDIUMCONST=0800h-07FFFh -ACOMRAM=01h-05Fh \
  -AABS1=00h-07FFh -ABIGRAM=01h-07FFh -ARAM=060h-0FFh,0100h-01FFhx7 \
  -ABANK0=060h-0FFh -ABANK1=0100h-01FFh -ABANK2=0200h-02FFh \
  -ABANK3=0300h-03FFh -ABANK4=0400h-04FFh -ABANK5=0500h-05FFh \
  -ABANK6=0600h-06FFh -ABANK7=0700h-07FFh -ASFR=0F60h-0FFFh \
  -ABIGSFR=0F60h-0FFFh -ACONFIG=0300000h-030000Dh -AIDLOC=0200000h-0200007h \
  -AEEDATA=0F00000h-0F000FFh -peeprom_data=EEDATA \
  -preset_vec=00h,intcode=08h,intcodelo,powerup,init -pramtop=0800h \
  -psmallconst=SMALLCONST -pmediumconst=MEDIUMCONST -pconst=CONST \
  -AFARRAM=00h-00h \
  -prdata=COMRAM,nvrram=COMRAM,nvbit=COMRAM,rbss=COMRAM,rbit=COMRAM \
  -pfarbss=FARRAM,fardata=FARRAM,nvFARRAM=FARRAM \
  -pintsave_regs=BIGRAM,bigbss=BIGRAM,bigdata=BIGRAM -pbss=RAM \
  -pidata=CODE,irdata=CODE,ibigdata=CODE,ifardata=CODE -prparam=COMRAM \
  C:\Users\dtole\AppData\Local\Temp\xcAs8rs.\driver_tmp_14.o \
  dist/default/production\ModuloReceptorDeSensorres.X.production.o 

Object code version is 3.11

Machine type is 18F4550



                Name                               Link     Load   Length Selector   Space Scale
C:\Users\dtole\AppData\Local\Temp\xcAs8rs.\driver_tmp_14.o
                idloc                            200000   200000        8        0       5
                config                           300000   300000        E        0       4
                init                                  E        E        4        4       0
                reset_vec                             0        0        4        0       0
dist/default/production\ModuloReceptorDeSensorres.X.production.o
                intcode                               8        8        6        4       0
                idloc                            200000   200000        8        0       5
                config                           300000   300000        E        0       4
                temp                                 5D       5D        1        1       1
                smallconst                          800      800       12      400       0
                intcode_body                        D96      D96       E0      409       0
                text25                             16BE     16BE       16      409       0
                text24                             167C     167C       22      409       0
                text23                             1636     1636       24      409       0
                text22                             165A     165A       22      409       0
                text21                             1406     1406       5C      409       0
                text20                             169E     169E       20      409       0
                text19                             16D4     16D4        E      409       0
                text18                             13A0     13A0       66      409       0
                text17                             15D8     15D8       38      409       0
                text16                             12B0     12B0       7E      409       0
                text15                             1006     1006       C4      409       0
                text14                             10CA     10CA       B0      409       0
                text13                             1598     1598       40      409       0
                text12                             16EC     16EC        2      B76       0
                text11                              E76      E76       CA      409       0
                text10                             1554     1554       44      409       0
                text9                              117A     117A       AA      409       0
                text8                               AA8      AA8      194      409       0
                text7                              1610     1610       26      409       0
                text6                               F40      F40       C6      409       0
                text5                               C3C      C3C      15A      409       0
                text4                              14BA     14BA       4E      409       0
                text3                              1508     1508       4C      409       0
                text2                              1224     1224       8C      409       0
                text1                              132E     132E       72      409       0
                text0                               812      812      296      409       0
                cstackCOMRAM                          1        1       54        1       1
                cstackBANK0                          96       96        2       60       1
                dataBANK0                            8D       8D        9       60       1
                bssBANK0                             60       60       2D       60       1
                dataCOMRAM                           5C       5C        1        1       1
                bssCOMRAM                            55       55        7        1       1
                cinit                              1462     1462       58      409       0
                idataBANK0                         16E2     16E2        9      409       0
                idataCOMRAM                        16EE     16EE        1      B76       0

TOTAL           Name                               Link     Load   Length     Space
        CLASS   CODE           
                intcode                               8        8        6         0
                init                                  E        E        4         0
                reset_vec                             0        0        4         0
                intcode_body                        D96      D96       E0         0
                text25                             16BE     16BE       16         0
                text24                             167C     167C       22         0
                text23                             1636     1636       24         0
                text22                             165A     165A       22         0
                text21                             1406     1406       5C         0
                text20                             169E     169E       20         0
                text19                             16D4     16D4        E         0
                text18                             13A0     13A0       66         0
                text17                             15D8     15D8       38         0
                text16                             12B0     12B0       7E         0
                text15                             1006     1006       C4         0
                text14                             10CA     10CA       B0         0
                text13                             1598     1598       40         0
                text12                             16EC     16EC        2         0
                text11                              E76      E76       CA         0
                text10                             1554     1554       44         0
                text9                              117A     117A       AA         0
                text8                               AA8      AA8      194         0
                text7                              1610     1610       26         0
                text6                               F40      F40       C6         0
                text5                               C3C      C3C      15A         0
                text4                              14BA     14BA       4E         0
                text3                              1508     1508       4C         0
                text2                              1224     1224       8C         0
                text1                              132E     132E       72         0
                text0                               812      812      296         0
                cinit                              1462     1462       58         0
                idataBANK0                         16E2     16E2        9         0
                idataCOMRAM                        16EE     16EE        1         0

        CLASS   CONST          

        CLASS   SMALLCONST     
                smallconst                          800      800       12         0

        CLASS   MEDIUMCONST    

        CLASS   COMRAM         
                temp                                 5D       5D        1         1
                cstackCOMRAM                          1        1       54         1
                dataCOMRAM                           5C       5C        1         1
                bssCOMRAM                            55       55        7         1

        CLASS   ABS1           

        CLASS   BIGRAM         

        CLASS   RAM            

        CLASS   BANK0          
                cstackBANK0                          96       96        2         1
                dataBANK0                            8D       8D        9         1
                bssBANK0                             60       60       2D         1

        CLASS   BANK1          

        CLASS   BANK2          

        CLASS   BANK3          

        CLASS   BANK4          

        CLASS   BANK5          

        CLASS   BANK6          

        CLASS   BANK7          

        CLASS   SFR            

        CLASS   BIGSFR         

        CLASS   CONFIG         
                config                           300000   300000        E         4

        CLASS   IDLOC          
                idloc                            200000   200000        8         5

        CLASS   EEDATA         

        CLASS   FARRAM         

        CLASS   HEAP           

        CLASS   STACK          



SEGMENTS        Name                           Load    Length   Top    Selector   Space  Class

                reset_vec                      000000  000004  000004         0       0  CODE    
                cstackCOMRAM                   000001  00005D  00005E         1       1  COMRAM  
                intcode                        000008  00000A  000012         4       0  CODE    
                bssBANK0                       000060  000038  000098        60       1  BANK0   
                smallconst                     000800  000012  000812       400       0  SMALLCON
                text0                          000812  000ED9  0016EB       409       0  CODE    
                text12                         0016EC  000003  0016EF       B76       0  CODE    


UNUSED ADDRESS RANGES

        Name                Unused          Largest block    Delta
        BANK0            000098-0000FF               68
        BANK1            000100-0001FF              100
        BANK2            000200-0002FF              100
        BANK3            000300-0003FF              100
        BANK4            000400-0004FF              100
        BANK5            000500-0005FF              100
        BANK6            000600-0006FF              100
        BANK7            000700-0007FF              100
        BIGRAM           00005E-00005F                2
                         000098-0007FF              768
        BIGSFR           000F60-000FFF               A0
        CODE             000004-000007                4
                         000012-0007FF              7EE
                         0016EB-0016EB                1
                         0016EF-007FFF             6911
        COMRAM           00005E-00005F                2
        CONST            000004-000007                4
                         000012-0007FF              7EE
                         0016EB-0016EB                1
                         0016EF-007FFF             6911
        EEDATA           F00000-F000FF              100
        MEDIUMCONST      0016EB-0016EB                1
                         0016EF-007FFF             6911
        RAM              000098-0007FF              100
        SFR              000F60-000FFF               A0
        SMALLCONST       0016EB-0016EB                1
                         0016EF-007FFF              100

                                  Symbol Table

?___awdiv                   cstackCOMRAM 000003
?___awmod                   cstackCOMRAM 000003
?___wmul                    cstackCOMRAM 000003
?_abs                       cstackCOMRAM 000009
?_read_prec_or_width        cstackCOMRAM 000009
?_sprintf                   cstackCOMRAM 000041
?_vfprintf                  cstackCOMRAM 000039
Lcd_Cmd@a                   cstackCOMRAM 000005
Lcd_Port@a                  cstackCOMRAM 000003
_ADCON0                     (abs)        000FC2
_ADCON0bits                 (abs)        000FC2
_ADCON1                     (abs)        000FC1
_ADCON2                     (abs)        000FC0
_ADRESH                     (abs)        000FC4
_ADRESL                     (abs)        000FC3
_BAUDCON                    (abs)        000FB8
_BanderaADC                 bssBANK0     000066
_BanderaRx                  bssCOMRAM    000059
_BufferLleno                bssCOMRAM    00005A
_ByteInf                    bssBANK0     000067
_ByteSup                    bssCOMRAM    000057
_CMCON                      (abs)        000FB4
_ConfigADC                  text25       0016BE
_ConfigPIC                  text24       00167C
_ConfigUSART                text23       001636
_FinRx                      bssCOMRAM    000058
_INTCONbits                 (abs)        000FF2
_IPR1bits                   (abs)        000F9F
_Instrumento                bssCOMRAM    000056
_LATCbits                   (abs)        000F8B
_LATDbits                   (abs)        000F8C
_Lcd_Cmd                    text20       00169E
_Lcd_Port                   text21       001406
_MensajeRx                  dataBANK0    000092
_MensajeSobrante            dataBANK0    00008D
_MensajeTx                  bssBANK0     000088
_Num_Caracteres             dataCOMRAM   00005C
_PIE1bits                   (abs)        000F9D
_PIR1bits                   (abs)        000F9E
_PIR2bits                   (abs)        000FA1
_PORTD                      (abs)        000F83
_RCONbits                   (abs)        000FD0
_RCREG                      (abs)        000FAE
_RCSTA                      (abs)        000FAB
_SPBRG                      (abs)        000FAF
_TRISA                      (abs)        000F92
_TRISB                      (abs)        000F93
_TRISC                      (abs)        000F94
_TRISD                      (abs)        000F95
_TRISE                      (abs)        000F96
_TXREG                      (abs)        000FAD
_TXSTA                      (abs)        000FAC
_TXSTAbits                  (abs)        000FAC
_Transmite                  text22       00165A
_TxUSART                    bssCOMRAM    00005B
_Tx_USART                   text2        001224
_ValBIN                     bssBANK0     000064
_VectorInterrupcion         intcode      000008
__HRAM                      (abs)        000000
__H__absolute__             __absolute__ 000000
__Habs1                     abs1         000000
__Hbank0                    bank0        000000
__Hbank1                    bank1        000000
__Hbank2                    bank2        000000
__Hbank3                    bank3        000000
__Hbank4                    bank4        000000
__Hbank5                    bank5        000000
__Hbank6                    bank6        000000
__Hbank7                    bank7        000000
__Hbigbss                   bigbss       000000
__Hbigdata                  bigdata      000000
__Hbigram                   bigram       000000
__Hbigsfr                   bigsfr       000000
__Hbss                      bss          000000
__HbssBANK0                 bssBANK0     000000
__HbssCOMRAM                bssCOMRAM    000000
__Hcinit                    cinit        000000
__Hclrtext                  clrtext      000000
__Hcomram                   comram       000000
__Hconfig                   config       30000E
__Hconst                    const        000000
__HcstackBANK0              cstackBANK0  000000
__HcstackCOMRAM             cstackCOMRAM 000000
__Hdata                     data         000000
__HdataBANK0                dataBANK0    000000
__HdataCOMRAM               dataCOMRAM   000000
__Heeprom_data              eeprom_data  000000
__Hfarbss                   farbss       000000
__Hfardata                  fardata      000000
__Hheap                     heap         000000
__Hibigdata                 ibigdata     000000
__Hidata                    idata        000000
__HidataBANK0               idataBANK0   000000
__HidataCOMRAM              idataCOMRAM  000000
__Hidloc                    idloc        200008
__Hifardata                 ifardata     000000
__Hinit                     init         000012
__Hintcode                  intcode      00000E
__Hintcode_body             intcode_body 000000
__Hintcodelo                intcodelo    00000E
__Hintentry                 intentry     000000
__Hintret                   intret       000000
__Hintsave_regs             intsave_regs 000000
__Hirdata                   irdata       000000
__Hmediumconst              mediumconst  000000
__HnvFARRAM                 nvFARRAM     000000
__Hnvbit                    nvbit        000000
__Hnvrram                   nvrram       000000
__Hparam                    rparam       000000
__Hpowerup                  powerup      00000E
__Hram                      ram          000000
__Hramtop                   ramtop       000800
__Hrbit                     rbit         000000
__Hrbss                     rbss         000000
__Hrdata                    rdata        000000
__Hreset_vec                reset_vec    000004
__Hrparam                   rparam       000000
__Hsfr                      sfr          000000
__Hsmallconst               smallconst   000812
__Hspace_0                  (abs)        0016EF
__Hspace_1                  (abs)        000098
__Hspace_2                  (abs)        000000
__Hspace_4                  (abs)        60000E
__Hstack                    stack        000000
__Hstruct                   struct       000000
__Htemp                     temp         00005E
__Htext                     text         000000
__Htext0                    text0        000000
__Htext1                    text1        000000
__Htext10                   text10       000000
__Htext11                   text11       000000
__Htext12                   text12       000000
__Htext13                   text13       000000
__Htext14                   text14       000000
__Htext15                   text15       000000
__Htext16                   text16       000000
__Htext17                   text17       000000
__Htext18                   text18       000000
__Htext19                   text19       000000
__Htext2                    text2        000000
__Htext20                   text20       000000
__Htext21                   text21       000000
__Htext22                   text22       000000
__Htext23                   text23       000000
__Htext24                   text24       000000
__Htext25                   text25       000000
__Htext3                    text3        000000
__Htext4                    text4        000000
__Htext5                    text5        000000
__Htext6                    text6        000000
__Htext7                    text7        000000
__Htext8                    text8        000000
__Htext9                    text9        000000
__LRAM                      (abs)        000001
__L__absolute__             __absolute__ 000000
__Labs1                     abs1         000000
__Lbank0                    bank0        000000
__Lbank1                    bank1        000000
__Lbank2                    bank2        000000
__Lbank3                    bank3        000000
__Lbank4                    bank4        000000
__Lbank5                    bank5        000000
__Lbank6                    bank6        000000
__Lbank7                    bank7        000000
__Lbigbss                   bigbss       000000
__Lbigdata                  bigdata      000000
__Lbigram                   bigram       000000
__Lbigsfr                   bigsfr       000000
__Lbss                      bss          000000
__LbssBANK0                 bssBANK0     000000
__LbssCOMRAM                bssCOMRAM    000000
__Lcinit                    cinit        000000
__Lclrtext                  clrtext      000000
__Lcomram                   comram       000000
__Lconfig                   config       000000
__Lconst                    const        000000
__LcstackBANK0              cstackBANK0  000000
__LcstackCOMRAM             cstackCOMRAM 000000
__Ldata                     data         000000
__LdataBANK0                dataBANK0    000000
__LdataCOMRAM               dataCOMRAM   000000
__Leeprom_data              eeprom_data  000000
__Lfarbss                   farbss       000000
__Lfardata                  fardata      000000
__Lheap                     heap         000000
__Libigdata                 ibigdata     000000
__Lidata                    idata        000000
__LidataBANK0               idataBANK0   000000
__LidataCOMRAM              idataCOMRAM  000000
__Lidloc                    idloc        000000
__Lifardata                 ifardata     000000
__Linit                     init         00000E
__Lintcode                  intcode      000008
__Lintcode_body             intcode_body 000000
__Lintcodelo                intcodelo    00000E
__Lintentry                 intentry     000000
__Lintret                   intret       000000
__Lintsave_regs             intsave_regs 000000
__Lirdata                   irdata       000000
__Lmediumconst              mediumconst  000000
__LnvFARRAM                 nvFARRAM     000000
__Lnvbit                    nvbit        000000
__Lnvrram                   nvrram       000000
__Lparam                    rparam       000000
__Lpowerup                  powerup      00000E
__Lram                      ram          000000
__Lramtop                   ramtop       000800
__Lrbit                     rbit         000000
__Lrbss                     rbss         000000
__Lrdata                    rdata        000000
__Lreset_vec                reset_vec    000000
__Lrparam                   rparam       000000
__Lsfr                      sfr          000000
__Lsmallconst               smallconst   000800
__Lspace_0                  (abs)        000000
__Lspace_1                  (abs)        000000
__Lspace_2                  (abs)        000000
__Lspace_4                  (abs)        000000
__Lstack                    stack        000000
__Lstruct                   struct       000000
__Ltemp                     temp         00005D
__Ltext                     text         000000
__Ltext0                    text0        000000
__Ltext1                    text1        000000
__Ltext10                   text10       000000
__Ltext11                   text11       000000
__Ltext12                   text12       000000
__Ltext13                   text13       000000
__Ltext14                   text14       000000
__Ltext15                   text15       000000
__Ltext16                   text16       000000
__Ltext17                   text17       000000
__Ltext18                   text18       000000
__Ltext19                   text19       000000
__Ltext2                    text2        000000
__Ltext20                   text20       000000
__Ltext21                   text21       000000
__Ltext22                   text22       000000
__Ltext23                   text23       000000
__Ltext24                   text24       000000
__Ltext25                   text25       000000
__Ltext3                    text3        000000
__Ltext4                    text4        000000
__Ltext5                    text5        000000
__Ltext6                    text6        000000
__Ltext7                    text7        000000
__Ltext8                    text8        000000
__Ltext9                    text9        000000
__S0                        (abs)        0016EF
__S1                        (abs)        000098
__S4                        (abs)        000000
__S5                        (abs)        000000
___awdiv                    text15       001006
___awdiv@counter            cstackCOMRAM 000007
___awdiv@dividend           cstackCOMRAM 000003
___awdiv@divisor            cstackCOMRAM 000005
___awdiv@quotient           cstackCOMRAM 000009
___awdiv@sign               cstackCOMRAM 000008
___awmod                    text14       0010CA
___awmod@counter            cstackCOMRAM 000007
___awmod@dividend           cstackCOMRAM 000003
___awmod@divisor            cstackCOMRAM 000005
___awmod@sign               cstackCOMRAM 000008
___heap_hi                  (abs)        000000
___heap_lo                  (abs)        000000
___inthi_sp                 stack        000000
___intlo_sp                 stack        000000
___param_bank               (abs)        000000
___rparam_used              (abs)        000001
___sp                       stack        000000
___wmul                     text7        001610
___wmul@multiplicand        cstackCOMRAM 000005
___wmul@multiplier          cstackCOMRAM 000003
___wmul@product             cstackCOMRAM 000007
__accesstop                 (abs)        000060
__activetblptr              (abs)        000002
__end_of_ConfigADC          text25       0016D4
__end_of_ConfigPIC          text24       00169E
__end_of_ConfigUSART        text23       00165A
__end_of_Lcd_Cmd            text20       0016BE
__end_of_Lcd_Port           text21       001462
__end_of_Transmite          text22       00167C
__end_of_Tx_USART           text2        0012B0
__end_of_VectorInterrupcion intcode_body 000E76
__end_of___awdiv            text15       0010CA
__end_of___awmod            text14       00117A
__end_of___wmul             text7        001636
__end_of__initialization    cinit        0014AC
__end_of_abs                text13       0015D8
__end_of_dtoa               text8        000C3C
__end_of_fputc              text11       000F40
__end_of_fputs              text10       001598
__end_of_lcd_clear          text19       0016E2
__end_of_lcd_gotoxy         text18       001406
__end_of_lcd_init           text1        0013A0
__end_of_lcd_putc           text16       00132E
__end_of_lcd_write_char     text17       001610
__end_of_main               text0        000AA8
__end_of_pad                text9        001224
__end_of_putch              text12       0016EE
__end_of_read_prec_or_width text6        001006
__end_of_sprintf            text3        001554
__end_of_vfpfcnvrt          text5        000D96
__end_of_vfprintf           text4        001508
__initialization            cinit        001462
__mediumconst               mediumconst  000000
__pbssBANK0                 bssBANK0     000060
__pbssCOMRAM                bssCOMRAM    000055
__pcinit                    cinit        001462
__pcstackBANK0              cstackBANK0  000096
__pcstackCOMRAM             cstackCOMRAM 000001
__pdataBANK0                dataBANK0    00008D
__pdataCOMRAM               dataCOMRAM   00005C
__pidataBANK0               idataBANK0   0016E2
__pidataCOMRAM              idataCOMRAM  0016EE
__pintcode                  intcode      000008
__pintcode_body             intcode_body 000D96
__psmallconst               smallconst   000800
__ptext0                    text0        000812
__ptext1                    text1        00132E
__ptext10                   text10       001554
__ptext11                   text11       000E76
__ptext12                   text12       0016EC
__ptext13                   text13       001598
__ptext14                   text14       0010CA
__ptext15                   text15       001006
__ptext16                   text16       0012B0
__ptext17                   text17       0015D8
__ptext18                   text18       0013A0
__ptext19                   text19       0016D4
__ptext2                    text2        001224
__ptext20                   text20       00169E
__ptext21                   text21       001406
__ptext22                   text22       00165A
__ptext23                   text23       001636
__ptext24                   text24       00167C
__ptext25                   text25       0016BE
__ptext3                    text3        001508
__ptext4                    text4        0014BA
__ptext5                    text5        000C3C
__ptext6                    text6        000F40
__ptext7                    text7        001610
__ptext8                    text8        000AA8
__ptext9                    text9        00117A
__ramtop                    ramtop       000800
__smallconst                smallconst   000800
_abs                        text13       001598
_dbuf                       bssBANK0     000068
_dtoa                       text8        000AA8
_dtoa$1162                  cstackCOMRAM 000022
_flags                      bssCOMRAM    000055
_fputc                      text11       000E76
_fputs                      text10       001554
_lcd_clear                  text19       0016D4
_lcd_gotoxy                 text18       0013A0
_lcd_init                   text1        00132E
_lcd_putc                   text16       0012B0
_lcd_write_char             text17       0015D8
_main                       text0        000812
_pad                        text9        00117A
_prec                       bssBANK0     000062
_putch                      text12       0016EC
_read_prec_or_width         text6        000F40
_sprintf                    text3        001508
_var                        dataBANK0    000091
_vfpfcnvrt                  text5        000C3C
_vfprintf                   text4        0014BA
_width                      bssBANK0     000060
abs@a                       cstackCOMRAM 000009
btemp                       temp         00005D
dtoa@d                      cstackCOMRAM 000020
dtoa@fp                     cstackCOMRAM 00001E
dtoa@i                      cstackCOMRAM 000028
dtoa@p                      cstackCOMRAM 000024
dtoa@s                      cstackCOMRAM 00002A
dtoa@w                      cstackCOMRAM 000026
end_of_initialization       cinit        0014AC
fputc@c                     cstackCOMRAM 000003
fputc@fp                    cstackCOMRAM 000005
fputs@c                     cstackCOMRAM 000010
fputs@fp                    cstackCOMRAM 00000E
fputs@i                     cstackCOMRAM 000011
fputs@s                     cstackCOMRAM 00000C
int$flags                   temp         00005D
int_func                    intcode_body 000D96
intlevel0                   text         000000
intlevel1                   text         000000
intlevel2                   text         000000
intlevel3                   text         000000
isa$std                     (abs)        000001
isa$xinst                   (abs)        000000
lcd_gotoxy@a                cstackCOMRAM 000007
lcd_gotoxy@b                cstackCOMRAM 000006
lcd_gotoxy@temp             cstackCOMRAM 00000A
lcd_gotoxy@y                cstackCOMRAM 000009
lcd_gotoxy@z                cstackCOMRAM 000008
lcd_putc@a                  cstackCOMRAM 000007
lcd_putc@i                  cstackCOMRAM 00000B
lcd_write_char@a            cstackCOMRAM 000006
lcd_write_char@temp         cstackCOMRAM 000004
lcd_write_char@y            cstackCOMRAM 000005
pad@buf                     cstackCOMRAM 000015
pad@fp                      cstackCOMRAM 000013
pad@i                       cstackCOMRAM 00001A
pad@p                       cstackCOMRAM 000017
pad@w                       cstackCOMRAM 00001C
read_prec_or_width@ap       cstackCOMRAM 00000B
read_prec_or_width@c        cstackCOMRAM 00000F
read_prec_or_width@fmt      cstackCOMRAM 000009
read_prec_or_width@n        cstackCOMRAM 000010
sprintf@ap                  cstackCOMRAM 000047
sprintf@f                   cstackCOMRAM 000049
sprintf@fmt                 cstackCOMRAM 000043
sprintf@s                   cstackCOMRAM 000041
stackhi                     (abs)        000000
stacklo                     (abs)        000000
start                       init         00000E
start_initialization        cinit        001462
ttemp5                      temp         00005E
ttemp6                      temp         000061
ttemp7                      temp         000065
vfpfcnvrt@ap                cstackCOMRAM 00002F
vfpfcnvrt@convarg           cstackCOMRAM 000033
vfpfcnvrt@cp                cstackCOMRAM 000037
vfpfcnvrt@fmt               cstackCOMRAM 00002D
vfpfcnvrt@fp                cstackCOMRAM 00002B
vfprintf@ap                 cstackCOMRAM 00003D
vfprintf@cfmt               cstackCOMRAM 00003F
vfprintf@fmt                cstackCOMRAM 00003B
vfprintf@fp                 cstackCOMRAM 000039
wtemp8                      temp         00005E


MODULE INFORMATION

Module		Function		Class		Link	Load	Size
D:\Program Files\Microchip\xc8\v2.41\pic\sources\c99\common\abs.c
		_abs           		CODE           	1598	0000	64

D:\Program Files\Microchip\xc8\v2.41\pic\sources\c99\common\abs.c estimated size: 64

D:\Program Files\Microchip\xc8\v2.41\pic\sources\c99\common\putch.c
		_putch         		CODE           	16EC	0000	2

D:\Program Files\Microchip\xc8\v2.41\pic\sources\c99\common\putch.c estimated size: 2

D:\Program Files\Microchip\xc8\v2.41\pic\sources\c99\common\doprnt.c
		_read_prec_or_width		CODE           	0F40	0000	198
		_vfpfcnvrt     		CODE           	0C3C	0000	346
		_pad           		CODE           	117A	0000	170
		_dtoa          		CODE           	0AA8	0000	404
		_vfprintf      		CODE           	14BA	0000	78

D:\Program Files\Microchip\xc8\v2.41\pic\sources\c99\common\doprnt.c estimated size: 1196

D:\Program Files\Microchip\xc8\v2.41\pic\sources\c99\common\awmod.c
		___awmod       		CODE           	10CA	0000	176

D:\Program Files\Microchip\xc8\v2.41\pic\sources\c99\common\awmod.c estimated size: 176

D:\Program Files\Microchip\xc8\v2.41\pic\sources\c99\common\nf_fputs.c
		_fputs         		CODE           	1554	0000	68

D:\Program Files\Microchip\xc8\v2.41\pic\sources\c99\common\nf_fputs.c estimated size: 68

D:\Program Files\Microchip\xc8\v2.41\pic\sources\c99\common\Umul16.c
		___wmul        		CODE           	1610	0000	38

D:\Program Files\Microchip\xc8\v2.41\pic\sources\c99\common\Umul16.c estimated size: 38

D:\Program Files\Microchip\xc8\v2.41\pic\sources\c99\common\awdiv.c
		___awdiv       		CODE           	1006	0000	196

D:\Program Files\Microchip\xc8\v2.41\pic\sources\c99\common\awdiv.c estimated size: 196

shared
		__initialization		CODE           	1462	0000	74

shared estimated size: 74

D:\Program Files\Microchip\xc8\v2.41\pic\sources\c99\common\nf_sprintf.c
		_sprintf       		CODE           	1508	0000	76

D:\Program Files\Microchip\xc8\v2.41\pic\sources\c99\common\nf_sprintf.c estimated size: 76

D:\Program Files\Microchip\xc8\v2.41\pic\sources\c99\common\nf_fputc.c
		_fputc         		CODE           	0E76	0000	202

D:\Program Files\Microchip\xc8\v2.41\pic\sources\c99\common\nf_fputc.c estimated size: 202

main.c
		_lcd_write_char		CODE           	15D8	0000	56
		_lcd_putc      		CODE           	12B0	0000	126
		_ConfigPIC     		CODE           	167C	0000	34
		_main          		CODE           	0812	0000	662
		_Lcd_Cmd       		CODE           	169E	0000	32
		_lcd_clear     		CODE           	16D4	0000	14
		_lcd_gotoxy    		CODE           	13A0	0000	102
		_Transmite     		CODE           	165A	0000	34
		_VectorInterrupcion		CODE           	0008	0000	230
		_ConfigUSART   		CODE           	1636	0000	36
		_Lcd_Port      		CODE           	1406	0000	92
		_ConfigADC     		CODE           	16BE	0000	22
		_lcd_init      		CODE           	132E	0000	114
		_Tx_USART      		CODE           	1224	0000	140

main.c estimated size: 1694

